// Jest Snapshot v1, https://goo.gl/fbAQLP

exports[`convert-esmodule can convert import expressions 1`] = `
Object {
  "code": "\\"use strict\\";
$csbImport('test');
",
  "deps": Array [],
}
`;
