// Jest Snapshot v1, https://goo.gl/fbAQLP

exports[`<Notice /> rendering basic 1`] = `
.c0 {
  font-size: 0.75rem;
  color: white;
  padding: 0.125rem 0.2rem;
  background-image: linear-gradient( 45deg, rgb(15,140,230) 0%, rgb(34,155,241) 100% );
  border-radius: 4px;
  float: right;
  margin-right: 2rem;
}

<styled.div>
  <StyledComponent
    forwardedComponent={
      Object {
        "$$typeof": Symbol(react.forward_ref),
        "attrs": Array [],
        "componentStyle": ComponentStyle {
          "componentId": "sc-bdVaJa",
          "isStatic": false,
          "lastClassName": "c0",
          "rules": Array [
            "
  font-size: 0.75rem;
  color: white;
  padding: 0.125rem 0.2rem;
  background-image: linear-gradient(
    45deg,
    ",
            [Function],
            " 0%,
    ",
            [Function],
            " 100%
  );
  border-radius: 4px;
  float: right;
  margin-right: 2rem;
",
          ],
        },
        "displayName": "styled.div",
        "foldedComponentIds": Array [],
        "render": [Function],
        "styledComponentId": "sc-bdVaJa",
        "target": "div",
        "toString": [Function],
        "warnTooManyClasses": [Function],
        "withComponent": [Function],
      }
    }
    forwardedRef={null}
  >
    <div
      className="c0"
    >
      You need to Login
    </div>
  </StyledComponent>
</styled.div>
`;
