// Jest Snapshot v1, https://goo.gl/fbAQLP

exports[`<RunOnClick /> rendering basic 1`] = `
.c0 {
  display: -webkit-box;
  display: -webkit-flex;
  display: -ms-flexbox;
  display: flex;
  -webkit-flex: auto;
  -ms-flex: auto;
  flex: auto;
  width: 100%;
  height: 100%;
}

.c1 {
  position: relative;
  display: -webkit-box;
  display: -webkit-flex;
  display: -ms-flexbox;
  display: flex;
  -webkit-box-pack: center;
  -webkit-justify-content: center;
  -ms-flex-pack: center;
  justify-content: center;
  -webkit-align-items: center;
  -webkit-box-align: center;
  -ms-flex-align: center;
  align-items: center;
  -webkit-flex-direction: column;
  -ms-flex-direction: column;
  flex-direction: column;
  width: 100%;
}

<RunOnClick
  onClick={[Function]}
>
  <styled.div
    onClick={[Function]}
    style={
      Object {
        "backgroundColor": "#FFD399",
        "cursor": "pointer",
      }
    }
  >
    <StyledComponent
      forwardedComponent={
        Object {
          "$$typeof": Symbol(react.forward_ref),
          "attrs": Array [],
          "componentStyle": ComponentStyle {
            "componentId": "sc-bdVaJa",
            "isStatic": true,
            "lastClassName": "c0",
            "rules": Array [
              "
  display: flex;
  flex: auto;
  width: 100%;
  height: 100%;
",
            ],
          },
          "displayName": "styled.div",
          "foldedComponentIds": Array [],
          "render": [Function],
          "styledComponentId": "sc-bdVaJa",
          "target": "div",
          "toString": [Function],
          "warnTooManyClasses": [Function],
          "withComponent": [Function],
        }
      }
      forwardedRef={null}
      onClick={[Function]}
      style={
        Object {
          "backgroundColor": "#FFD399",
          "cursor": "pointer",
        }
      }
    >
      <div
        className="c0"
        onClick={[Function]}
        style={
          Object {
            "backgroundColor": "#FFD399",
            "cursor": "pointer",
          }
        }
      >
        <styled.div
          horizontal={true}
          vertical={true}
        >
          <StyledComponent
            forwardedComponent={
              Object {
                "$$typeof": Symbol(react.forward_ref),
                "attrs": Array [],
                "componentStyle": ComponentStyle {
                  "componentId": "sc-bwzfXH",
                  "isStatic": false,
                  "lastClassName": "c1",
                  "rules": Array [
                    "
  position: relative;
  display: flex;
  ",
                    [Function],
                    ";
  ",
                    [Function],
                    ";

  flex-direction: column;
  width: 100%;
",
                  ],
                },
                "displayName": "styled.div",
                "foldedComponentIds": Array [],
                "render": [Function],
                "styledComponentId": "sc-bwzfXH",
                "target": "div",
                "toString": [Function],
                "warnTooManyClasses": [Function],
                "withComponent": [Function],
              }
            }
            forwardedRef={null}
            horizontal={true}
            vertical={true}
          >
            <div
              className="c1"
            >
              <img
                alt="Run Sandbox"
                height={170}
                src={[Function]}
                width={170}
              />
              <div
                style={
                  Object {
                    "color": "#F27777",
                    "fontSize": "2rem",
                    "fontWeight": 700,
                    "marginTop": 24,
                    "textTransform": "uppercase",
                  }
                }
              >
                Click to run
              </div>
            </div>
          </StyledComponent>
        </styled.div>
      </div>
    </StyledComponent>
  </styled.div>
</RunOnClick>
`;
