// Jest Snapshot v1, https://goo.gl/fbAQLP

exports[`github-reactjs-redux-tree-master-examples-todomvc 1`] = `
"
    <div class=\\"todoapp\\" id=\\"root\\"><div data-reactroot=\\"\\"><header class=\\"header\\"><h1>todos</h1><input type=\\"text\\" class=\\"new-todo\\" placeholder=\\"What needs to be done?\\" value=\\"\\"></header><section class=\\"main\\"><span><input type=\\"checkbox\\" class=\\"toggle-all\\" value=\\"on\\"><label></label></span><ul class=\\"todo-list\\"><li class=\\"\\"><div class=\\"view\\"><input type=\\"checkbox\\" class=\\"toggle\\" value=\\"on\\"><label>Use Redux</label><button class=\\"destroy\\"></button></div></li></ul><footer class=\\"footer\\"><span class=\\"todo-count\\"><strong>1</strong><!-- react-text: 18 --> <!-- /react-text --><!-- react-text: 19 -->item<!-- /react-text --><!-- react-text: 20 --> left<!-- /react-text --></span><ul class=\\"filters\\"><li><a class=\\"selected\\" style=\\"cursor: pointer;\\">All</a></li><li><a class=\\"\\" style=\\"cursor: pointer;\\">Active</a></li><li><a class=\\"\\" style=\\"cursor: pointer;\\">Completed</a></li></ul></footer></section></div></div>
    <!--
      This HTML file is a template.
      If you open it directly in the browser, you will see an empty page.

      You can add webfonts, meta tags, or analytics to this file.
      The build step will place the bundled scripts into the <body> tag.

      To begin the development, run \`npm start\` in this folder.
      To create a production bundle, use \`npm run build\`.
    -->
  <div class=\\"resize-triggers\\"><div class=\\"expand-trigger\\"><div style=\\"width: 551px; height: 166px;\\"></div></div><div class=\\"contract-trigger\\"></div></div>"
`;

exports[`new 1`] = `"<div id=\\"root\\"><div style=\\"font-family: sans-serif; text-align: center;\\"><h1>Hello CodeSandbox!</h1><h2>Start editing to see some magic happen ✨</h2></div></div><div class=\\"resize-triggers\\"><div class=\\"expand-trigger\\"><div style=\\"width: 785px; height: 91px;\\"></div></div><div class=\\"contract-trigger\\"></div></div>"`;

exports[`preact 1`] = `"<div id=\\"root\\"><div><h1>Example</h1><div class=\\"list\\"><div class=\\"result\\"><div><a href=\\"https://github.com/developit/preact\\" target=\\"_blank\\">developit/preact</a>🌟<strong>15806</strong></div><p>⚛️ Fast 3kb React alternative with the same ES6 API. Components &amp; Virtual DOM.</p></div><div class=\\"result\\"><div><a href=\\"https://github.com/callum-hart/Preact\\" target=\\"_blank\\">callum-hart/Preact</a>🌟<strong>29</strong></div><p>CSS library that adds interface previews to React components</p></div><div class=\\"result\\"><div><a href=\\"https://github.com/developit/preact-cli\\" target=\\"_blank\\">developit/preact-cli</a>🌟<strong>2401</strong></div><p>😺 Your next Preact PWA starts in 30 seconds.</p></div><div class=\\"result\\"><div><a href=\\"https://github.com/developit/preact-boilerplate\\" target=\\"_blank\\">developit/preact-boilerplate</a>🌟<strong>644</strong></div><p>:guitar: Ready-to-rock Preact starter project, powered by Webpack.</p></div><div class=\\"result\\"><div><a href=\\"https://github.com/developit/preact-compat\\" target=\\"_blank\\">developit/preact-compat</a>🌟<strong>534</strong></div><p>:raised_hands: React compatibility layer for Preact.</p></div><div class=\\"result\\"><div><a href=\\"https://github.com/developit/preact-www\\" target=\\"_blank\\">developit/preact-www</a>🌟<strong>124</strong></div><p>:book: Preact documentation website.</p></div><div class=\\"result\\"><div><a href=\\"https://github.com/developit/preact-router\\" target=\\"_blank\\">developit/preact-router</a>🌟<strong>317</strong></div><p>:earth_americas: URL router for Preact.</p></div><div class=\\"result\\"><div><a href=\\"https://github.com/ezekielchentnik/preact-pwa\\" target=\\"_blank\\">ezekielchentnik/preact-pwa</a>🌟<strong>414</strong></div><p>Super fast progressive web app with small footprint &amp; minimal dependancies</p></div><div class=\\"result\\"><div><a href=\\"https://github.com/UnwrittenFun/fpreact\\" target=\\"_blank\\">UnwrittenFun/fpreact</a>🌟<strong>34</strong></div><p>fpreact provides an alternative api for creating preact components, heavily inspired by elm.</p></div><div class=\\"result\\"><div><a href=\\"https://github.com/lukeed/preact-starter\\" target=\\"_blank\\">lukeed/preact-starter</a>🌟<strong>312</strong></div><p>Webpack3 boilerplate for building SPA / PWA / offline front-end apps with Preact</p></div><div class=\\"result\\"><div><a href=\\"https://github.com/FormidableLabs/freactal\\" target=\\"_blank\\">FormidableLabs/freactal</a>🌟<strong>1419</strong></div><p>Clean and robust state management for React and React-like libs.</p></div><div class=\\"result\\"><div><a href=\\"https://github.com/ant-design/ant-design-mobile\\" target=\\"_blank\\">ant-design/ant-design-mobile</a>🌟<strong>3041</strong></div><p>A configurable Mobile UI</p></div><div class=\\"result\\"><div><a href=\\"https://github.com/prateekbh/preact-material-components\\" target=\\"_blank\\">prateekbh/preact-material-components</a>🌟<strong>225</strong></div><p>preact wrapper for \\"Material Components for the web\\"</p></div><div class=\\"result\\"><div><a href=\\"https://github.com/kristoferbaxter/preact-hn\\" target=\\"_blank\\">kristoferbaxter/preact-hn</a>🌟<strong>241</strong></div><p>Demonstration of Preact used to build Hacker News as a PWA.</p></div><div class=\\"result\\"><div><a href=\\"https://github.com/developit/preact-redux-example\\" target=\\"_blank\\">developit/preact-redux-example</a>🌟<strong>136</strong></div><p>:repeat: Preact + Redux Example Project</p></div><div class=\\"result\\"><div><a href=\\"https://github.com/developit/preact-render-to-string\\" target=\\"_blank\\">developit/preact-render-to-string</a>🌟<strong>156</strong></div><p>:page_facing_up: Universal rendering for Preact: render JSX and Preact components to HTML.</p></div><div class=\\"result\\"><div><a href=\\"https://github.com/developit/preact-mdl\\" target=\\"_blank\\">developit/preact-mdl</a>🌟<strong>124</strong></div><p>:boom: A collection of Preact Components that encapsulate Google's Material Design Lite.</p></div><div class=\\"result\\"><div><a href=\\"https://github.com/vesparny/statty\\" target=\\"_blank\\">vesparny/statty</a>🌟<strong>438</strong></div><p>A tiny and unobtrusive state management library for React and Preact apps</p></div><div class=\\"result\\"><div><a href=\\"https://github.com/developit/preact-css-transition-group\\" target=\\"_blank\\">developit/preact-css-transition-group</a>🌟<strong>34</strong></div><p>Apply CSS transitions when adding or removing Preact components/elements</p></div><div class=\\"result\\"><div><a href=\\"https://github.com/insin/nwb\\" target=\\"_blank\\">insin/nwb</a>🌟<strong>2658</strong></div><p>A toolkit for React, Preact, Inferno &amp; vanilla JS apps, React libraries and other npm modules for the web, with no configuration (until you need it)</p></div><div class=\\"result\\"><div><a href=\\"https://github.com/addyosmani/preact-hn\\" target=\\"_blank\\">addyosmani/preact-hn</a>🌟<strong>126</strong></div><p>🗞 Preact Hacker News</p></div><div class=\\"result\\"><div><a href=\\"https://github.com/ooade/awesome-preact\\" target=\\"_blank\\">ooade/awesome-preact</a>🌟<strong>121</strong></div><p>A curated list of amazingly awesome things regarding Preact ecosystem :star2:</p></div><div class=\\"result\\"><div><a href=\\"https://github.com/developit/preact-redux\\" target=\\"_blank\\">developit/preact-redux</a>🌟<strong>169</strong></div><p>:loop: Preact integration for Redux (no shim needed!)</p></div><div class=\\"result\\"><div><a href=\\"https://github.com/styled-components/styled-components-website\\" target=\\"_blank\\">styled-components/styled-components-website</a>🌟<strong>60</strong></div><p>The styled-components website and docs</p></div><div class=\\"result\\"><div><a href=\\"https://github.com/FredericHeem/starhackit\\" target=\\"_blank\\">FredericHeem/starhackit</a>🌟<strong>1025</strong></div><p>StarHackIt: React/Mobx/Glamorous + Node full-stack starter kit with authentication and authorization, data backed by SQL.</p></div><div class=\\"result\\"><div><a href=\\"https://github.com/developit/linkstate\\" target=\\"_blank\\">developit/linkstate</a>🌟<strong>129</strong></div><p>Bind events to state. Works with Preact and React.</p></div><div class=\\"result\\"><div><a href=\\"https://github.com/developit/preact-cycle\\" target=\\"_blank\\">developit/preact-cycle</a>🌟<strong>61</strong></div><p>:recycle: Minimal functional Virtual DOM rendering using Preact :bike:</p></div><div class=\\"result\\"><div><a href=\\"https://github.com/gitalk/gitalk\\" target=\\"_blank\\">gitalk/gitalk</a>🌟<strong>513</strong></div><p>Gitalk is a modern comment component based on Github Issue and Preact.</p></div><div class=\\"result\\"><div><a href=\\"https://github.com/developit/preact-photon\\" target=\\"_blank\\">developit/preact-photon</a>🌟<strong>101</strong></div><p>:rocket: Beautiful desktop apps with Preact + Photon :heart:</p></div><div class=\\"result\\"><div><a href=\\"https://github.com/developit/preact-todomvc\\" target=\\"_blank\\">developit/preact-todomvc</a>🌟<strong>40</strong></div><p>💣 TodoMVC done in Preact. Under 6kb and fast.</p></div></div></div></div><div class=\\"resize-triggers\\"><div class=\\"expand-trigger\\"><div style=\\"width: 785px; height: 2775px;\\"></div></div><div class=\\"contract-trigger\\"></div></div>"`;

exports[`react-ts 1`] = `"<div id=\\"root\\"><div style=\\"font-family: sans-serif; text-align: center;\\"><h1>Hello CodeSandbox!</h1><h2>Start editing to see some magic happen ✨</h2></div></div><div class=\\"resize-triggers\\"><div class=\\"expand-trigger\\"><div style=\\"width: 785px; height: 91px;\\"></div></div><div class=\\"contract-trigger\\"></div></div>"`;

exports[`svelte 1`] = `
"<div id=\\"root\\"><div svelte-188763832=\\"\\" class=\\"container\\"><h1>Hello Svelte!</h1>

	<h2>Start editing to see some magic happen.</h2></div></div><div class=\\"resize-triggers\\"><div class=\\"expand-trigger\\"><div style=\\"width: 785px; height: 87px;\\"></div></div><div class=\\"contract-trigger\\"></div></div>"
`;

exports[`vue 1`] = `"<div id=\\"app\\"><img width=\\"200\\" src=\\"data:image/png;base64,iVBORw0KGgoAAAANSUhEUgAAAZAAAAGQCAMAAAC3Ycb+AAACLlBMVEVMaXFBuINBuIM8enI/nnxBuINBuINBuIM8enJBuIM8enJBuINBuINBuIM8enJBuIM8enJBuINBuIM7eXFBuINBuIM8eXFBuINBuIM8eHFBuIM8eXFBuIM8eHBBuIM8eHBBuIM8d3BBuINBuIM8d3BBuINBuINBuIM8dnBBuINBuIM8dnBBuINBuIM7dXBBuINBuIM8dG9BuINBuIM8dG9BuIM8dG9BuINBuIM8c29BuINBuIM7cm5BuINBuIM7cW5BuIM7cW9BuINBuINBuIM7cW5BuINBuINBuIM7b21BuINBuIM6b21BuIM7bm1BuINBuIM7bW1BuINBuIM6bGxBuINBuIM6a2xBuIM6a2xBuINBuIM6amxBuIM6aWtBuINBuIM6aGpBuINBuIM6ZmpBuINBuIM5ZGlBuIM5Y2lBuINBuIM5YWhBuINBuIM5YGdBuIM4XmdBuINBuIM4XGZBuINBuIM4WmVBuIM3WGRBuIM3V2RBuINBuIM3VGNBuIM2UmI2UGFBuIM1TWA1SV41Sl41S141TF81TWA2T2A2UWE2U2I3VWM3WGQ4W2U4Xmc5YGc5YWg5ZGk6Zmo6Z2o6aGo6a2w7bW07bm07cG48c287dnA7eHA8enI8fHI9fnM8gXM9g3Q9hnU9iXY+i3c+jHc+j3g+kXk+lHo/l3o/mXs+m3s/nnw/oH0/o31Apn5BqH5Aqn9BrH9BroBBr4BCsYBBs4FBtoJCt4JBuIP7mHZoAAAAhHRSTlMAAQICAwQHCAgLDQ4QEhIVFhcaGh4hIiUoKissLzEzNDc4Oj4/QERFRkhLTVBTVldaXV5iYmZnaW1vcHV3eHx8gIGDhIeJio+Sk5aZm52foaWmqKyusLS1t7m6u7y/wMLHx8zP0NPW1trc3uLi5Obn6urt7+/y8/T29vf4+vv7/P39/v7L5yYnAAANT0lEQVR42uzdiZ/OVRTH8WM0CxqVZVqMFCqyZKkQolL2FktaVNZkkr3CyHoGUxRCSFFk3yrb+e96qldFzfIsn9/vd67u+y841515zXi+c89XoiiKoiiKoiiKoiiKoiiKoiiKoiiKoiiKoiiKoiiKov+t94y1WyEN/SQx/RoUsvuGod6T2i2GOo+ddbUkZrVCGs4bakutyGRjHVLKi5KQF5VyyFiTc9PdtcpQPzcqZEN7SUT7DQpp/NlQq+76fb5njPWDUt6URLyplGPGeuaP+crfN9T1XQrZ2l0S0H2rQnZdN9T75X9O2NdYp5WyWBKwWCmnjdX3rxFfN9bXSnlScE8qZa+xXv97xnvXG+riNoV82lZgbT9VyLaLhlp/7z9TvmSsb5UyRWBTlPKtsV66acoOyw115QuFbOosqM6bFPL5FUMt73DznEONdVwpcwU1VynHjTX0ljnL5hnq+pcK2d5bQL23K+RL+FfeeWW3TtrTWGeVskxAy5Ry1lg9/z3qq8Y6oJRRghmllAPGevU/s3ZaY6jLOxRSXyWQqnqF7LhsqDWd/jvts8b6XikzBDJDKd8b69kmpq2sM9S1nQpprBFEDfY59M6rhqqrbGreAcY6qZRFgliklJPGGtD0wO8Ya49CGgYKYCCWZe4x1jvNTFy70VAXsH8BJM11m9turG1u5EnGcpXm+s1tJzU7czWc5v6C/RTd0LHU++jI5ba/GGpVdfNTDzcWl+bOLvVCZivlB2MNb3pg52nujh6l3UcP7P+pdG67sLyluR8zFpfmLintQpYohc5tH2158JnG2qeUp0u5j6eVss9YM1uZvCuc5l7CPu9eW178fZSvVcj2S4Za37W12ccZ64hSXi7+Ql5WyhFjjWt19g5LDXXlc4Vs7lx0brtZIXRuu7Rd69MPMZaDNNdvbjskj+nbzDHUja8Usq1PcffRB/urpK/gxwdz2uQz/0PGOqeUFcVdyAqlnDPWQ/kd4BVjfaOUMcXcxxilfGOsV/I8QadPDMU9UKivyjK3bYRz20865XuG0cY6qpQZWea2R401Ou8zVPhNc+8v9D7ux749d14zVF1F/qfob6xTSll0++S2/Qs5xtvG2quQhoFZ5bb044O3CjrHA37T3LYFPT7gctsLhtr4QGFfWROMdVgpEws5xkSlHDbWBClM9UpD/Yp9pLWpYwG5Lff44FdDrayWAg0zFpfmvpv/Id5VCp3bDis8QlhoKPCBwsP5nuFhLIyhHx8svEMK9oixzihlSfq57RljPSJFmG6s/UoZkd8BRihlv7GmSzG6rjNU2mmu39x2XVcpygvG+k4pr+Uz/mtKoXPb56U47T4y1FXsbe7mmjweH2C57Rfw44OP2kmRBhnrhFIWtD78AqWcMNagpgcOO83t1+rSuMBz26Y96Hbd3IrUctsGOLfd8qCUYKqxDirluZYHf04pB401VUpxz8eG4tLcDe3DXBr38T1SkpHGOqaUWS2NPUspdG47UkpT8YGhrmEPFBq7NT91N+wbcRec235QISV63Fhcmrs4jaVxp4z1uJTsDWNxae7g5kYejP0yR+e2b0jp7vvMUMmvm/O7NO6z+wQw3ljcurmJoeW244VwJ7xuDkxz725q3rvd5ra5pXGIp4z1o1LmJvv44EdjPSWMsvmGAtPc3iEtjZtfJpBexkp03RyX29JL43oJZpqxuHVzI8LJbacJpwu8bo5Lc+urknp8QOe2a7oIaKyxEktzudz2O2ONFVLlh4a6yj1QqAljadyHlYJ6wlg/KWVBMrntT8Z6QlhtgigP81z2RQuiPIx7fAAvjcuVfeECKA/zuzRusvD8l4f5zW1zZV8JcF8e5r3si+Z33dzW7mGUfdGcl4dxuS29NK6vJMR1eVgIZV80z+VhfnPbXNlXYhyXh4VR9kXDy8O4NJfLbeGlcVRu+48wysMw9NK4oZIkv+VhFDq3nYfltn8JpTwMQue2PSVhfsvDEMmXfdH8locR0ij7ovktDwOkUfZF81seVjo6t62Dc1uRsMrDSkYvjRsgqXBbHqaBlH3R/JaH+cptNyaQ24ZWHuYqt50kafFbHhZK2RfNb3mYo6VxwyU9ftPc2z+3Da08zE1u+6ikym95WCBlXzS/5WE+Hh/kyr5S5rc8zMXSuHGSNr/lYR5y26WJ5rahlYc5yG2HSPr8rpsLe2lc08IuDwul7IvmtzwskLIvmt/ysFDKvmh+y8MyXRo3WrLitzwslLIvmt/ysAxz2/6SIbflYdk9PnhLsuS3PCyUsi+a3/KwjJbGTZBs+S0Py2Zp3MoUc9vQysMyyW2HSdb8lodl8fggV/aVOb/lYaGUfdH8loelvjRuunjgtzws7dx2Xeq5bWjlYSnnts+LD37Lw0Ip+6L5LQ8LpOyLFmaae3vktqGVh4VS9kXzWx4WSNkXzW95WFpL43JlX674LQ9LKbcdKb74LQ8LpeyL5rc8LJSyr9/Yu0NrqaIgiKIIYiEQwiAkFBqDIwHUZIfA4v7ue6tfzUmjVvfWxeJhJ3ZbgX3pcvGw+adxBvvS5eJh47utwb50uXjY9G47+zTuiXjYEuxLl4uHze62DvvS5eJho0/jIPaly8XDBndbiX3pcvGwud3WYl+6XDxsCfaly8XDpp7GaexLl4uHLcG+dLl42L9+vGwe+9Ll4mETT+MmsC9dLh428DRuAvvS5eJhfredwb50uXgYPz6Ywb50ue/mdj+NeyAepp/GjWFfulA8TO+2c9iXLhMP07vtJPali8TDNmFfukQ8TD+NS91t1+Bh+mncLPaly8PD9G47jX3p4vAwvduOY1+6MDxsH/aly8LDNmJfuig8bCP2pUvCw/jTuPDdNh4P00/jDmFfuhg8bCv2pUvBw/Ruew770oXgYXq3PYd96TLwsM3Yly4CD9O77UnsS5ew5rbutrF4mN5tD2Nfuut42HbsS3cbD9PHB+exL91lPEw/jTuPfenu4mF6t72Bfemu4mF6t72Bfeluvpt78tO4lXgYfhp3C/vSXcPDnoJ96W7hYfr44B72pbuEh+mncfewL90dPIzvtnFP43LwsN83dtur2JfuAh6mjw/uYl+683jY07Av3XE8TD+Nu4196U7jYfpp3H3sS3cYD9O77X3sS3cWD9PHBwnYl+4oHvZI7Et3EA/TT+MysC/dOTxM77Yp2JfuGB6mn8alYF+6U3jYc7Ev3SE87LnYl+7MmvvebbPwMH18kIV96Q7gYc/GvnTzeJjebdOwL53Gw35N77Zp2JduGg97PvalG8bDCrAv3SgepnfbROxLN4mH6adxmdiXTuNhP+d220zsS6ffzf35PrXb7noaF4iHtWBfuik8TO+2udiXbggP00/jgrEv3Qgepp/GJWNfugk8TO+22diXbgAP07ttNval83hYG/al43hYG/bF03gYLh/70mk8zLYB+9JpPIy2AfvSaTxMtgP70mk8DLYD+9Lpd3Ou3U/jcvAw1hrsS6fxMNQe7Eun8TDTJuxLp/Ew0ibsS6fXXFHLbnsGDwPtwr50Gg/7eNuwL53Gwz7cOuxLp/GwOuxLp/GwPuxLp/GwOuxLp/GwPuxLp/GwPuxLp/GwOuxLp/GwPuxLp/GwOuxLp/GwPuxLp/GwOuxLl7Dmtu62/+/L63rLsS+dxsPqsC+dxsP6sC+dxsPqsC+dxsP6sC+dxsPqsC+dfjf3fhr3KQwP68O+dBoPq8O+dBoP68O+dBoPq8O+dBoP68O+dBoP68O+dN9ex3sW9qXTeFgf9qXTeFgd9qXTeFgf9qXTeFgd9qX7jPGwPuxLp/GwPuxLp/GwOuxLp/GwPuxL9/V1qKdiXzqNh/VhXzqNh9VhX7oza+57t72Hh/VhXzqNh9VhXzqNh/VhXzqNh9VhXzqNh/VhXzqNh/VhXzqNh9VhXzqNh/VhXzqNh9VhX7q5d3PdT+Ny8LA67Eun8bA+7Eun8bA+7Eun8bA67Eun8bA+7Eun8bA67Eun8bA+7Eun8bA+7EuH8bA+7Etn8bBG7EtH8bC/7d3hRgNwAEVxS20y+9A0kkzM+pBSIkVKJsrIUiIRIyVLSSmTMnryHmL3w+F/fq9xuafE2FdaMh5WZuwrLRgPKzP2lZa7m/M0LiMWDys29pUWioeVG/tKy8TDSo59pUXiYSXHvtISa667bVIgHlZ27Ctt+nhY6bGvtKnjYcXHvtIujH2xNMfGvliOjH2x1EbGvlg2jX3B3Bn7YlmZGPti6Rv7Yml8GPti2Tf2xTL36G7LsmbsC+ba2BdL68fYF8uJsS+W+quxL5YdY18slaGncSyrxr5gBsa+WJpfxr5YDo19sVRHxr5YNox9wdwa+2JZnhj7Yjkz9sXSeDf2xbJn7Itl9sHYF0vX2BfMlbEvlta3sS+WnrEvlvkXY18s28a+WCpDd1uW9p+xL5ZzY18sC5/GvlgOjH2xVJ+MfbGsG/uCuTH2xbL0a+yL5dTYF0v9zdM4ll1jXywz98a+WDrGvmAujX2xLI6NfbEcG/tiqT0b+2LZMvYlSZIkSZIkSZIkSZIkSZIkKekfnCgLkz94A5oAAAAASUVORK5CYII=\\"><div data-v-10a9d30a=\\"\\" class=\\"hello\\"><h1 data-v-10a9d30a=\\"\\">Welcome to Your Vue.js App</h1><h2 data-v-10a9d30a=\\"\\">Essential Links</h2><ul data-v-10a9d30a=\\"\\"><li data-v-10a9d30a=\\"\\"><a data-v-10a9d30a=\\"\\" href=\\"https://vuejs.org\\" target=\\"_blank\\">Core Docs</a></li><li data-v-10a9d30a=\\"\\"><a data-v-10a9d30a=\\"\\" href=\\"https://forum.vuejs.org\\" target=\\"_blank\\">Forum</a></li><li data-v-10a9d30a=\\"\\"><a data-v-10a9d30a=\\"\\" href=\\"https://gitter.im/vuejs/vue\\" target=\\"_blank\\">Gitter Chat</a></li><li data-v-10a9d30a=\\"\\"><a data-v-10a9d30a=\\"\\" href=\\"https://twitter.com/vuejs\\" target=\\"_blank\\">Twitter</a></li><br data-v-10a9d30a=\\"\\"><li data-v-10a9d30a=\\"\\"><a data-v-10a9d30a=\\"\\" href=\\"http://vuejs-templates.github.io/webpack/\\" target=\\"_blank\\">Docs for This Template</a></li></ul><h2 data-v-10a9d30a=\\"\\">Ecosystem</h2><ul data-v-10a9d30a=\\"\\"><li data-v-10a9d30a=\\"\\"><a data-v-10a9d30a=\\"\\" href=\\"http://router.vuejs.org/\\" target=\\"_blank\\">vue-router</a></li><li data-v-10a9d30a=\\"\\"><a data-v-10a9d30a=\\"\\" href=\\"http://vuex.vuejs.org/\\" target=\\"_blank\\">vuex</a></li><li data-v-10a9d30a=\\"\\"><a data-v-10a9d30a=\\"\\" href=\\"http://vue-loader.vuejs.org/\\" target=\\"_blank\\">vue-loader</a></li><li data-v-10a9d30a=\\"\\"><a data-v-10a9d30a=\\"\\" href=\\"https://github.com/vuejs/awesome-vue\\" target=\\"_blank\\">awesome-vue</a></li></ul></div></div><div class=\\"resize-triggers\\"><div class=\\"expand-trigger\\"><div style=\\"width: 785px; height: 486px;\\"></div></div><div class=\\"contract-trigger\\"></div></div>"`;
